PS C:\samurai\kadai_github> mkdir git_challenge


    ディレクトリ: C:\samurai\kadai_github


Mode                 LastWriteTime         Length Name
----                 -------------         ------ ----
d-----        2025/08/13     21:14                git_challenge


PS C:\samurai\kadai_github> cd git_challenge
PS C:\samurai\kadai_github\git_challenge> git init
Initialized empty Git repository in C:/samurai/kadai_github/git_challenge/.git/
PS C:\samurai\kadai_github\git_challenge> echo "Hello, world!" > hello_world.txt
PS C:\samurai\kadai_github\git_challenge> git add hello_world.txt
PS C:\samurai\kadai_github\git_challenge> git commit -m "hello_world.txtを追加"
[master (root-commit) 9bd7e4a] hello_world.txtを追加
 1 file changed, 0 insertions(+), 0 deletions(-)
 create mode 100644 hello_world.txt
PS C:\samurai\kadai_github\git_challenge> echo "こんにちは、世界！" >> hello_world.txt
PS C:\samurai\kadai_github\git_challenge> git add hello_world.txt
PS C:\samurai\kadai_github\git_challenge> git commit -m "こんにちは、世界！を追記" 
[master f8d5071] こんにちは、世界！を追記
 1 file changed, 0 insertions(+), 0 deletions(-)
PS C:\samurai\kadai_github\git_challenge> git log --oneline
f8d5071 (HEAD -> master) こんにちは、世界！を追記
9bd7e4a hello_world.txtを追加
PS C:\samurai\kadai_github\git_challenge> 

PS C:\samurai\kadai_github\git_challenge> type hello_world.txt
Hello, world!
こんにちは、世界！